Executing action: all (aliases: build)
Running cmake in directory /mnt/c/Users/BALAJI/Desktop/micropython/micropython/ports/esp32/build-ESP32_GENERIC
Executing "cmake -G Ninja -DPYTHON_DEPS_CHECKED=1 -DPYTHON=/home/balaji/.espressif/python_env/idf5.2_py3.12_env/bin/python -DESP_PLATFORM=1 -DPYTHON=python3 -DCCACHE_ENABLE=0 /mnt/c/Users/BALAJI/Desktop/micropython/micropython/ports/esp32"...
-- Building ESP-IDF components for target esp32
NOTICE: Skipping optional dependency: espressif/tinyusb
NOTICE: Skipping optional dependency: espressif/esp_hosted
NOTICE: Skipping optional dependency: espressif/esp_wifi_remote
NOTICE: Skipping optional dependency: espressif/lan867x
NOTICE: Processing 2 dependencies:
NOTICE: [1/2] espressif/mdns (1.1.0)
NOTICE: [2/2] idf (5.2.2)
NOTICE: Skipping optional dependency: espressif/tinyusb
NOTICE: Skipping optional dependency: espressif/esp_hosted
NOTICE: Skipping optional dependency: espressif/esp_wifi_remote
NOTICE: Skipping optional dependency: espressif/lan867x
-- Project sdkconfig file /mnt/c/Users/BALAJI/Desktop/micropython/micropython/ports/esp32/build-ESP32_GENERIC/sdkconfig
Loading defaults file /mnt/c/Users/BALAJI/Desktop/micropython/micropython/ports/esp32/build-ESP32_GENERIC/sdkconfig.combined...
/mnt/c/Users/BALAJI/Desktop/micropython/micropython/ports/esp32/build-ESP32_GENERIC/sdkconfig.combined:172 CONFIG_BT_NIMBLE_TASK_STACK_SIZE was replaced with CONFIG_BT_NIMBLE_HOST_TASK_STACK_SIZE
-- Compiler supported targets: xtensa-esp-elf
-- App "micropython" version: v1.28.0-preview-174-ga8b71559c-
-- Adding linker script /mnt/c/Users/BALAJI/Desktop/micropython/micropython/ports/esp32/build-ESP32_GENERIC/esp-idf/esp_system/ld/memory.ld
-- Adding linker script /mnt/c/Users/BALAJI/Desktop/micropython/micropython/ports/esp32/build-ESP32_GENERIC/esp-idf/esp_system/ld/sections.ld.in
-- Adding linker script /mnt/c/Users/BALAJI/Desktop/micropython/esp-idf/components/esp_rom/esp32/ld/esp32.rom.ld
-- Adding linker script /mnt/c/Users/BALAJI/Desktop/micropython/esp-idf/components/esp_rom/esp32/ld/esp32.rom.api.ld
-- Adding linker script /mnt/c/Users/BALAJI/Desktop/micropython/esp-idf/components/esp_rom/esp32/ld/esp32.rom.libgcc.ld
-- Adding linker script /mnt/c/Users/BALAJI/Desktop/micropython/esp-idf/components/esp_rom/esp32/ld/esp32.rom.newlib-data.ld
-- Adding linker script /mnt/c/Users/BALAJI/Desktop/micropython/esp-idf/components/esp_rom/esp32/ld/esp32.rom.syscalls.ld
-- Adding linker script /mnt/c/Users/BALAJI/Desktop/micropython/esp-idf/components/esp_rom/esp32/ld/esp32.rom.newlib-funcs.ld
-- Adding linker script /mnt/c/Users/BALAJI/Desktop/micropython/esp-idf/components/soc/esp32/ld/esp32.peripherals.ld
Found User C Module(s): 
-- Using private rmt headers for 
-- Components: app_trace app_update bootloader bootloader_support bt cmock console cxx driver efuse esp-tls esp_adc esp_app_format esp_bootloader_format esp_coex esp_common esp_eth esp_event esp_gdbstub esp_hid esp_http_client esp_http_server esp_https_ota esp_https_server esp_hw_support esp_lcd esp_local_ctrl esp_mm esp_netif esp_netif_stack esp_partition esp_phy esp_pm esp_psram esp_ringbuf esp_rom esp_system esp_timer esp_wifi espcoredump espressif__mdns esptool_py fatfs freertos hal heap http_parser idf_test ieee802154 json log lwip main mbedtls mqtt newlib nvs_flash nvs_sec_provider openthread partition_table perfmon protobuf-c protocomm pthread sdmmc soc spi_flash spiffs tcp_transport ulp unity usb vfs wear_levelling wifi_provisioning wpa_supplicant xtensa
-- Component paths: /mnt/c/Users/BALAJI/Desktop/micropython/esp-idf/components/app_trace /mnt/c/Users/BALAJI/Desktop/micropython/esp-idf/components/app_update /mnt/c/Users/BALAJI/Desktop/micropython/esp-idf/components/bootloader /mnt/c/Users/BALAJI/Desktop/micropython/esp-idf/components/bootloader_support /mnt/c/Users/BALAJI/Desktop/micropython/esp-idf/components/bt /mnt/c/Users/BALAJI/Desktop/micropython/esp-idf/components/cmock /mnt/c/Users/BALAJI/Desktop/micropython/esp-idf/components/console /mnt/c/Users/BALAJI/Desktop/micropython/esp-idf/components/cxx /mnt/c/Users/BALAJI/Desktop/micropython/esp-idf/components/driver /mnt/c/Users/BALAJI/Desktop/micropython/esp-idf/components/efuse /mnt/c/Users/BALAJI/Desktop/micropython/esp-idf/components/esp-tls /mnt/c/Users/BALAJI/Desktop/micropython/esp-idf/components/esp_adc /mnt/c/Users/BALAJI/Desktop/micropython/esp-idf/components/esp_app_format /mnt/c/Users/BALAJI/Desktop/micropython/esp-idf/components/esp_bootloader_format /mnt/c/Users/BALAJI/Desktop/micropython/esp-idf/components/esp_coex /mnt/c/Users/BALAJI/Desktop/micropython/esp-idf/components/esp_common /mnt/c/Users/BALAJI/Desktop/micropython/esp-idf/components/esp_eth /mnt/c/Users/BALAJI/Desktop/micropython/esp-idf/components/esp_event /mnt/c/Users/BALAJI/Desktop/micropython/esp-idf/components/esp_gdbstub /mnt/c/Users/BALAJI/Desktop/micropython/esp-idf/components/esp_hid /mnt/c/Users/BALAJI/Desktop/micropython/esp-idf/components/esp_http_client /mnt/c/Users/BALAJI/Desktop/micropython/esp-idf/components/esp_http_server /mnt/c/Users/BALAJI/Desktop/micropython/esp-idf/components/esp_https_ota /mnt/c/Users/BALAJI/Desktop/micropython/esp-idf/components/esp_https_server /mnt/c/Users/BALAJI/Desktop/micropython/esp-idf/components/esp_hw_support /mnt/c/Users/BALAJI/Desktop/micropython/esp-idf/components/esp_lcd /mnt/c/Users/BALAJI/Desktop/micropython/esp-idf/components/esp_local_ctrl /mnt/c/Users/BALAJI/Desktop/micropython/esp-idf/components/esp_mm /mnt/c/Users/BALAJI/Desktop/micropython/esp-idf/components/esp_netif /mnt/c/Users/BALAJI/Desktop/micropython/esp-idf/components/esp_netif_stack /mnt/c/Users/BALAJI/Desktop/micropython/esp-idf/components/esp_partition /mnt/c/Users/BALAJI/Desktop/micropython/esp-idf/components/esp_phy /mnt/c/Users/BALAJI/Desktop/micropython/esp-idf/components/esp_pm /mnt/c/Users/BALAJI/Desktop/micropython/esp-idf/components/esp_psram /mnt/c/Users/BALAJI/Desktop/micropython/esp-idf/components/esp_ringbuf /mnt/c/Users/BALAJI/Desktop/micropython/esp-idf/components/esp_rom /mnt/c/Users/BALAJI/Desktop/micropython/esp-idf/components/esp_system /mnt/c/Users/BALAJI/Desktop/micropython/esp-idf/components/esp_timer /mnt/c/Users/BALAJI/Desktop/micropython/esp-idf/components/esp_wifi /mnt/c/Users/BALAJI/Desktop/micropython/esp-idf/components/espcoredump /mnt/c/Users/BALAJI/Desktop/micropython/micropython/ports/esp32/managed_components/espressif__mdns /mnt/c/Users/BALAJI/Desktop/micropython/esp-idf/components/esptool_py /mnt/c/Users/BALAJI/Desktop/micropython/esp-idf/components/fatfs /mnt/c/Users/BALAJI/Desktop/micropython/esp-idf/components/freertos /mnt/c/Users/BALAJI/Desktop/micropython/esp-idf/components/hal /mnt/c/Users/BALAJI/Desktop/micropython/esp-idf/components/heap /mnt/c/Users/BALAJI/Desktop/micropython/esp-idf/components/http_parser /mnt/c/Users/BALAJI/Desktop/micropython/esp-idf/components/idf_test /mnt/c/Users/BALAJI/Desktop/micropython/esp-idf/components/ieee802154 /mnt/c/Users/BALAJI/Desktop/micropython/esp-idf/components/json /mnt/c/Users/BALAJI/Desktop/micropython/esp-idf/components/log /mnt/c/Users/BALAJI/Desktop/micropython/esp-idf/components/lwip /mnt/c/Users/BALAJI/Desktop/micropython/micropython/ports/esp32/main /mnt/c/Users/BALAJI/Desktop/micropython/esp-idf/components/mbedtls /mnt/c/Users/BALAJI/Desktop/micropython/esp-idf/components/mqtt /mnt/c/Users/BALAJI/Desktop/micropython/esp-idf/components/newlib /mnt/c/Users/BALAJI/Desktop/micropython/esp-idf/components/nvs_flash /mnt/c/Users/BALAJI/Desktop/micropython/esp-idf/components/nvs_sec_provider /mnt/c/Users/BALAJI/Desktop/micropython/esp-idf/components/openthread /mnt/c/Users/BALAJI/Desktop/micropython/esp-idf/components/partition_table /mnt/c/Users/BALAJI/Desktop/micropython/esp-idf/components/perfmon /mnt/c/Users/BALAJI/Desktop/micropython/esp-idf/components/protobuf-c /mnt/c/Users/BALAJI/Desktop/micropython/esp-idf/components/protocomm /mnt/c/Users/BALAJI/Desktop/micropython/esp-idf/components/pthread /mnt/c/Users/BALAJI/Desktop/micropython/esp-idf/components/sdmmc /mnt/c/Users/BALAJI/Desktop/micropython/esp-idf/components/soc /mnt/c/Users/BALAJI/Desktop/micropython/esp-idf/components/spi_flash /mnt/c/Users/BALAJI/Desktop/micropython/esp-idf/components/spiffs /mnt/c/Users/BALAJI/Desktop/micropython/esp-idf/components/tcp_transport /mnt/c/Users/BALAJI/Desktop/micropython/esp-idf/components/ulp /mnt/c/Users/BALAJI/Desktop/micropython/esp-idf/components/unity /mnt/c/Users/BALAJI/Desktop/micropython/esp-idf/components/usb /mnt/c/Users/BALAJI/Desktop/micropython/esp-idf/components/vfs /mnt/c/Users/BALAJI/Desktop/micropython/esp-idf/components/wear_levelling /mnt/c/Users/BALAJI/Desktop/micropython/esp-idf/components/wifi_provisioning /mnt/c/Users/BALAJI/Desktop/micropython/esp-idf/components/wpa_supplicant /mnt/c/Users/BALAJI/Desktop/micropython/esp-idf/components/xtensa
Checking lockfile contents...
diff --git a/ports/esp32/lockfiles/dependencies.lock.esp32 b/ports/esp32/lockfiles/dependencies.lock.esp32
index 8ba25c770..39035c08c 100644
--- a/ports/esp32/lockfiles/dependencies.lock.esp32
+++ b/ports/esp32/lockfiles/dependencies.lock.esp32
@@ -1,17 +1,4 @@
 dependencies:
-  espressif/lan867x:
-    component_hash: 0ff9dae3affeff53811e7c8283e67c6d36dc0c03e3bc5102c0fba629e08bf6c4
-    dependencies:
-    - name: idf
-      require: private
-      version: '>=5.3'
-    source:
-      registry_url: https://components.espressif.com/
-      type: service
-    targets:
-    - esp32
-    - esp32p4
-    version: 1.0.3
   espressif/mdns:
     component_hash: 46ee81d32fbf850462d8af1e83303389602f6a6a9eddd2a55104cb4c063858ed
     dependencies:
@@ -25,9 +12,8 @@ dependencies:
   idf:
     source:
       type: idf
-    version: 5.5.1
+    version: 5.2.2
 direct_dependencies:
-- espressif/lan867x
 - espressif/mdns
 - idf
 manifest_hash: 482087bc40f0e187795a9ef9ad08ef15a585b4cdabc296c715a9d19284622150
CMake Warning at CMakeLists.txt:80 (message):
  Component lockfile contents have changed (see above).  This may be due to
  building with a different ESP-IDF version.  Please mention this output if
  reporting an issue with MicroPython.


-- Configuring done (157.6s)
-- Generating done (24.3s)
-- Build files have been written to: /mnt/c/Users/BALAJI/Desktop/micropython/micropython/ports/esp32/build-ESP32_GENERIC
'/home/balaji/.espressif/python_env/idf5.2_py3.12_env/bin/python' is currently active in the environment while the project was configured with 'python3'. Run 'idf.py fullclean' to start again.
