Executing action: all (aliases: build)
Running ninja in directory /mnt/c/Users/BALAJI/Desktop/micropython/micropython/ports/esp32/build-ESP32_GENERIC
Executing "ninja all"...
[0/1] Re-running CMake...
-- Building ESP-IDF components for target esp32
NOTICE: Skipping optional dependency: espressif/tinyusb
NOTICE: Skipping optional dependency: espressif/esp_hosted
NOTICE: Skipping optional dependency: espressif/esp_wifi_remote
NOTICE: Skipping optional dependency: espressif/lan867x
NOTICE: Processing 2 dependencies:
NOTICE: [1/2] espressif/mdns (1.1.0)
NOTICE: [2/2] idf (5.2.2)
NOTICE: Skipping optional dependency: espressif/tinyusb
NOTICE: Skipping optional dependency: espressif/esp_hosted
NOTICE: Skipping optional dependency: espressif/esp_wifi_remote
NOTICE: Skipping optional dependency: espressif/lan867x
-- Project sdkconfig file /mnt/c/Users/BALAJI/Desktop/micropython/micropython/ports/esp32/build-ESP32_GENERIC/sdkconfig
Loading defaults file /mnt/c/Users/BALAJI/Desktop/micropython/micropython/ports/esp32/build-ESP32_GENERIC/sdkconfig.combined...
/mnt/c/Users/BALAJI/Desktop/micropython/micropython/ports/esp32/build-ESP32_GENERIC/sdkconfig.combined:172 CONFIG_BT_NIMBLE_TASK_STACK_SIZE was replaced with CONFIG_BT_NIMBLE_HOST_TASK_STACK_SIZE
-- Compiler supported targets: xtensa-esp-elf
-- App "micropython" version: v1.28.0-preview-174-ga8b71559c-
-- Adding linker script /mnt/c/Users/BALAJI/Desktop/micropython/micropython/ports/esp32/build-ESP32_GENERIC/esp-idf/esp_system/ld/memory.ld
-- Adding linker script /mnt/c/Users/BALAJI/Desktop/micropython/micropython/ports/esp32/build-ESP32_GENERIC/esp-idf/esp_system/ld/sections.ld.in
-- Adding linker script /mnt/c/Users/BALAJI/Desktop/micropython/esp-idf/components/esp_rom/esp32/ld/esp32.rom.ld
-- Adding linker script /mnt/c/Users/BALAJI/Desktop/micropython/esp-idf/components/esp_rom/esp32/ld/esp32.rom.api.ld
-- Adding linker script /mnt/c/Users/BALAJI/Desktop/micropython/esp-idf/components/esp_rom/esp32/ld/esp32.rom.libgcc.ld
-- Adding linker script /mnt/c/Users/BALAJI/Desktop/micropython/esp-idf/components/esp_rom/esp32/ld/esp32.rom.newlib-data.ld
-- Adding linker script /mnt/c/Users/BALAJI/Desktop/micropython/esp-idf/components/esp_rom/esp32/ld/esp32.rom.syscalls.ld
-- Adding linker script /mnt/c/Users/BALAJI/Desktop/micropython/esp-idf/components/esp_rom/esp32/ld/esp32.rom.newlib-funcs.ld
-- Adding linker script /mnt/c/Users/BALAJI/Desktop/micropython/esp-idf/components/soc/esp32/ld/esp32.peripherals.ld
Found User C Module(s): 
-- Using private rmt headers for 
-- Components: app_trace app_update bootloader bootloader_support bt cmock console cxx driver efuse esp-tls esp_adc esp_app_format esp_bootloader_format esp_coex esp_common esp_eth esp_event esp_gdbstub esp_hid esp_http_client esp_http_server esp_https_ota esp_https_server esp_hw_support esp_lcd esp_local_ctrl esp_mm esp_netif esp_netif_stack esp_partition esp_phy esp_pm esp_psram esp_ringbuf esp_rom esp_system esp_timer esp_wifi espcoredump espressif__mdns esptool_py fatfs freertos hal heap http_parser idf_test ieee802154 json log lwip main mbedtls mqtt newlib nvs_flash nvs_sec_provider openthread partition_table perfmon protobuf-c protocomm pthread sdmmc soc spi_flash spiffs tcp_transport ulp unity usb vfs wear_levelling wifi_provisioning wpa_supplicant xtensa
-- Component paths: /mnt/c/Users/BALAJI/Desktop/micropython/esp-idf/components/app_trace /mnt/c/Users/BALAJI/Desktop/micropython/esp-idf/components/app_update /mnt/c/Users/BALAJI/Desktop/micropython/esp-idf/components/bootloader /mnt/c/Users/BALAJI/Desktop/micropython/esp-idf/components/bootloader_support /mnt/c/Users/BALAJI/Desktop/micropython/esp-idf/components/bt /mnt/c/Users/BALAJI/Desktop/micropython/esp-idf/components/cmock /mnt/c/Users/BALAJI/Desktop/micropython/esp-idf/components/console /mnt/c/Users/BALAJI/Desktop/micropython/esp-idf/components/cxx /mnt/c/Users/BALAJI/Desktop/micropython/esp-idf/components/driver /mnt/c/Users/BALAJI/Desktop/micropython/esp-idf/components/efuse /mnt/c/Users/BALAJI/Desktop/micropython/esp-idf/components/esp-tls /mnt/c/Users/BALAJI/Desktop/micropython/esp-idf/components/esp_adc /mnt/c/Users/BALAJI/Desktop/micropython/esp-idf/components/esp_app_format /mnt/c/Users/BALAJI/Desktop/micropython/esp-idf/components/esp_bootloader_format /mnt/c/Users/BALAJI/Desktop/micropython/esp-idf/components/esp_coex /mnt/c/Users/BALAJI/Desktop/micropython/esp-idf/components/esp_common /mnt/c/Users/BALAJI/Desktop/micropython/esp-idf/components/esp_eth /mnt/c/Users/BALAJI/Desktop/micropython/esp-idf/components/esp_event /mnt/c/Users/BALAJI/Desktop/micropython/esp-idf/components/esp_gdbstub /mnt/c/Users/BALAJI/Desktop/micropython/esp-idf/components/esp_hid /mnt/c/Users/BALAJI/Desktop/micropython/esp-idf/components/esp_http_client /mnt/c/Users/BALAJI/Desktop/micropython/esp-idf/components/esp_http_server /mnt/c/Users/BALAJI/Desktop/micropython/esp-idf/components/esp_https_ota /mnt/c/Users/BALAJI/Desktop/micropython/esp-idf/components/esp_https_server /mnt/c/Users/BALAJI/Desktop/micropython/esp-idf/components/esp_hw_support /mnt/c/Users/BALAJI/Desktop/micropython/esp-idf/components/esp_lcd /mnt/c/Users/BALAJI/Desktop/micropython/esp-idf/components/esp_local_ctrl /mnt/c/Users/BALAJI/Desktop/micropython/esp-idf/components/esp_mm /mnt/c/Users/BALAJI/Desktop/micropython/esp-idf/components/esp_netif /mnt/c/Users/BALAJI/Desktop/micropython/esp-idf/components/esp_netif_stack /mnt/c/Users/BALAJI/Desktop/micropython/esp-idf/components/esp_partition /mnt/c/Users/BALAJI/Desktop/micropython/esp-idf/components/esp_phy /mnt/c/Users/BALAJI/Desktop/micropython/esp-idf/components/esp_pm /mnt/c/Users/BALAJI/Desktop/micropython/esp-idf/components/esp_psram /mnt/c/Users/BALAJI/Desktop/micropython/esp-idf/components/esp_ringbuf /mnt/c/Users/BALAJI/Desktop/micropython/esp-idf/components/esp_rom /mnt/c/Users/BALAJI/Desktop/micropython/esp-idf/components/esp_system /mnt/c/Users/BALAJI/Desktop/micropython/esp-idf/components/esp_timer /mnt/c/Users/BALAJI/Desktop/micropython/esp-idf/components/esp_wifi /mnt/c/Users/BALAJI/Desktop/micropython/esp-idf/components/espcoredump /mnt/c/Users/BALAJI/Desktop/micropython/micropython/ports/esp32/managed_components/espressif__mdns /mnt/c/Users/BALAJI/Desktop/micropython/esp-idf/components/esptool_py /mnt/c/Users/BALAJI/Desktop/micropython/esp-idf/components/fatfs /mnt/c/Users/BALAJI/Desktop/micropython/esp-idf/components/freertos /mnt/c/Users/BALAJI/Desktop/micropython/esp-idf/components/hal /mnt/c/Users/BALAJI/Desktop/micropython/esp-idf/components/heap /mnt/c/Users/BALAJI/Desktop/micropython/esp-idf/components/http_parser /mnt/c/Users/BALAJI/Desktop/micropython/esp-idf/components/idf_test /mnt/c/Users/BALAJI/Desktop/micropython/esp-idf/components/ieee802154 /mnt/c/Users/BALAJI/Desktop/micropython/esp-idf/components/json /mnt/c/Users/BALAJI/Desktop/micropython/esp-idf/components/log /mnt/c/Users/BALAJI/Desktop/micropython/esp-idf/components/lwip /mnt/c/Users/BALAJI/Desktop/micropython/micropython/ports/esp32/main /mnt/c/Users/BALAJI/Desktop/micropython/esp-idf/components/mbedtls /mnt/c/Users/BALAJI/Desktop/micropython/esp-idf/components/mqtt /mnt/c/Users/BALAJI/Desktop/micropython/esp-idf/components/newlib /mnt/c/Users/BALAJI/Desktop/micropython/esp-idf/components/nvs_flash /mnt/c/Users/BALAJI/Desktop/micropython/esp-idf/components/nvs_sec_provider /mnt/c/Users/BALAJI/Desktop/micropython/esp-idf/components/openthread /mnt/c/Users/BALAJI/Desktop/micropython/esp-idf/components/partition_table /mnt/c/Users/BALAJI/Desktop/micropython/esp-idf/components/perfmon /mnt/c/Users/BALAJI/Desktop/micropython/esp-idf/components/protobuf-c /mnt/c/Users/BALAJI/Desktop/micropython/esp-idf/components/protocomm /mnt/c/Users/BALAJI/Desktop/micropython/esp-idf/components/pthread /mnt/c/Users/BALAJI/Desktop/micropython/esp-idf/components/sdmmc /mnt/c/Users/BALAJI/Desktop/micropython/esp-idf/components/soc /mnt/c/Users/BALAJI/Desktop/micropython/esp-idf/components/spi_flash /mnt/c/Users/BALAJI/Desktop/micropython/esp-idf/components/spiffs /mnt/c/Users/BALAJI/Desktop/micropython/esp-idf/components/tcp_transport /mnt/c/Users/BALAJI/Desktop/micropython/esp-idf/components/ulp /mnt/c/Users/BALAJI/Desktop/micropython/esp-idf/components/unity /mnt/c/Users/BALAJI/Desktop/micropython/esp-idf/components/usb /mnt/c/Users/BALAJI/Desktop/micropython/esp-idf/components/vfs /mnt/c/Users/BALAJI/Desktop/micropython/esp-idf/components/wear_levelling /mnt/c/Users/BALAJI/Desktop/micropython/esp-idf/components/wifi_provisioning /mnt/c/Users/BALAJI/Desktop/micropython/esp-idf/components/wpa_supplicant /mnt/c/Users/BALAJI/Desktop/micropython/esp-idf/components/xtensa
Checking lockfile contents...
diff --git a/ports/esp32/lockfiles/dependencies.lock.esp32 b/ports/esp32/lockfiles/dependencies.lock.esp32
index 8ba25c770..39035c08c 100644
--- a/ports/esp32/lockfiles/dependencies.lock.esp32
+++ b/ports/esp32/lockfiles/dependencies.lock.esp32
@@ -1,17 +1,4 @@
 dependencies:
-  espressif/lan867x:
-    component_hash: 0ff9dae3affeff53811e7c8283e67c6d36dc0c03e3bc5102c0fba629e08bf6c4
-    dependencies:
-    - name: idf
-      require: private
-      version: '>=5.3'
-    source:
-      registry_url: https://components.espressif.com/
-      type: service
-    targets:
-    - esp32
-    - esp32p4
-    version: 1.0.3
   espressif/mdns:
     component_hash: 46ee81d32fbf850462d8af1e83303389602f6a6a9eddd2a55104cb4c063858ed
     dependencies:
@@ -25,9 +12,8 @@ dependencies:
   idf:
     source:
       type: idf
-    version: 5.5.1
+    version: 5.2.2
 direct_dependencies:
-- espressif/lan867x
 - espressif/mdns
 - idf
 manifest_hash: 482087bc40f0e187795a9ef9ad08ef15a585b4cdabc296c715a9d19284622150
CMake Warning at CMakeLists.txt:80 (message):
  Component lockfile contents have changed (see above).  This may be due to
  building with a different ESP-IDF version.  Please mention this output if
  reporting an issue with MicroPython.


-- Configuring done (148.1s)
-- Generating done (17.1s)
-- Build files have been written to: /mnt/c/Users/BALAJI/Desktop/micropython/micropython/ports/esp32/build-ESP32_GENERIC
[1/255] cd /mnt/c/Users/BALAJI/Desktop/micropython/micropython/ports/esp32/build-ESP32_GENERIC/esp-idf/main && /usr/bin/cmake -E make_directory /mnt/c/Users/BALAJI/Desktop/micropython/micropython/ports/esp32/build-ESP32_GENERIC/genhdr && /home/balaji/.espressif/python_env/idf5.2_py3.12_env/bin/python3 /mnt/c/Users/BALAJI/Desktop/micropython/micropython/py/makeversionhdr.py /mnt/c/Users/BALAJI/Desktop/micropython/micropython/ports/esp32/build-ESP32_GENERIC/genhdr/mpversion.h
[2/253] Performing configure step for 'bootloader'
-- Building ESP-IDF components for target esp32
-- Project sdkconfig file /mnt/c/Users/BALAJI/Desktop/micropython/micropython/ports/esp32/build-ESP32_GENERIC/sdkconfig
-- Compiler supported targets: xtensa-esp-elf
-- Adding linker script /mnt/c/Users/BALAJI/Desktop/micropython/esp-idf/components/soc/esp32/ld/esp32.peripherals.ld
-- Bootloader project name: "bootloader" version: 1
-- Adding linker script /mnt/c/Users/BALAJI/Desktop/micropython/esp-idf/components/esp_rom/esp32/ld/esp32.rom.ld
-- Adding linker script /mnt/c/Users/BALAJI/Desktop/micropython/esp-idf/components/esp_rom/esp32/ld/esp32.rom.api.ld
-- Adding linker script /mnt/c/Users/BALAJI/Desktop/micropython/esp-idf/components/esp_rom/esp32/ld/esp32.rom.libgcc.ld
-- Adding linker script /mnt/c/Users/BALAJI/Desktop/micropython/esp-idf/components/esp_rom/esp32/ld/esp32.rom.newlib-funcs.ld
-- Adding linker script /mnt/c/Users/BALAJI/Desktop/micropython/esp-idf/components/bootloader/subproject/main/ld/esp32/bootloader.ld
-- Adding linker script /mnt/c/Users/BALAJI/Desktop/micropython/esp-idf/components/bootloader/subproject/main/ld/esp32/bootloader.rom.ld
-- Components: bootloader bootloader_support efuse esp_app_format esp_bootloader_format esp_common esp_hw_support esp_rom esp_system esptool_py freertos hal log main micro-ecc newlib partition_table soc spi_flash xtensa
-- Component paths: /mnt/c/Users/BALAJI/Desktop/micropython/esp-idf/components/bootloader /mnt/c/Users/BALAJI/Desktop/micropython/esp-idf/components/bootloader_support /mnt/c/Users/BALAJI/Desktop/micropython/esp-idf/components/efuse /mnt/c/Users/BALAJI/Desktop/micropython/esp-idf/components/esp_app_format /mnt/c/Users/BALAJI/Desktop/micropython/esp-idf/components/esp_bootloader_format /mnt/c/Users/BALAJI/Desktop/micropython/esp-idf/components/esp_common /mnt/c/Users/BALAJI/Desktop/micropython/esp-idf/components/esp_hw_support /mnt/c/Users/BALAJI/Desktop/micropython/esp-idf/components/esp_rom /mnt/c/Users/BALAJI/Desktop/micropython/esp-idf/components/esp_system /mnt/c/Users/BALAJI/Desktop/micropython/esp-idf/components/esptool_py /mnt/c/Users/BALAJI/Desktop/micropython/esp-idf/components/freertos /mnt/c/Users/BALAJI/Desktop/micropython/esp-idf/components/hal /mnt/c/Users/BALAJI/Desktop/micropython/esp-idf/components/log /mnt/c/Users/BALAJI/Desktop/micropython/esp-idf/components/bootloader/subproject/main /mnt/c/Users/BALAJI/Desktop/micropython/esp-idf/components/bootloader/subproject/components/micro-ecc /mnt/c/Users/BALAJI/Desktop/micropython/esp-idf/components/newlib /mnt/c/Users/BALAJI/Desktop/micropython/esp-idf/components/partition_table /mnt/c/Users/BALAJI/Desktop/micropython/esp-idf/components/soc /mnt/c/Users/BALAJI/Desktop/micropython/esp-idf/components/spi_flash /mnt/c/Users/BALAJI/Desktop/micropython/esp-idf/components/xtensa
-- Configuring done (123.3s)
-- Generating done (2.4s)
-- Build files have been written to: /mnt/c/Users/BALAJI/Desktop/micropython/micropython/ports/esp32/build-ESP32_GENERIC/bootloader
[3/253] Performing build step for 'bootloader'
[1/1] cd /mnt/c/Users/BALAJI/Desktop/micropython/micropython/ports/esp32/build-ESP32_GENERIC/bootloader/esp-idf/esptool_py && /home/balaji/.espressif/python_env/idf5.2_py3.12_env/bin/python3 /mnt/c/Users/BALAJI/Desktop/micropython/esp-idf/components/partition_table/check_sizes.py --offset 0x8000 bootloader 0x1000 /mnt/c/Users/BALAJI/Desktop/micropython/micropython/ports/esp32/build-ESP32_GENERIC/bootloader/bootloader.bin
Bootloader binary size 0x5ae0 bytes. 0x1520 bytes (19%) free.
[4/253] No install step for 'bootloader'
[5/253] Completed 'bootloader'
[6/253] Generating ../../genhdr/qstr.i.last
[7/253] Generating ../../genhdr/root_pointers.split
[8/253] Generating ../../genhdr/root_pointers.collected
Root pointer registrations not updated
[9/252] Generating ../../genhdr/qstr.split
[10/252] Generating ../../genhdr/qstrdefs.collected.h
QSTR not updated
[11/250] cd /mnt/c/Users/BALAJI/Desktop/micropython/micropython/ports/esp32/build-ESP32_GENERIC/esp-idf/main && /home/balaji/.espressif/python_env/idf5.2_py3.12_env/bin/python3 /mnt/c/Users/BALAJI/Desktop/micropython/micropython/tools/makemanifest.py -o /mnt/c/Users/BALAJI/Desktop/micropython/micropython/ports/esp32/build-ESP32_GENERIC/frozen_content.c -v BOARD_DIR=/mnt/c/Users/BALAJI/Desktop/micropython/micropython/ports/esp32/boards/ESP32_GENERIC -v MPY_DIR=/mnt/c/Users/BALAJI/Desktop/micropython/micropython -v MPY_LIB_DIR=/mnt/c/Users/BALAJI/Desktop/micropython/micropython/lib/micropython-lib -v PORT_DIR=/mnt/c/Users/BALAJI/Desktop/micropython/micropython/ports/esp32 -b /mnt/c/Users/BALAJI/Desktop/micropython/micropython/ports/esp32/build-ESP32_GENERIC -f-march=xtensawin --mpy-tool-flags= /mnt/c/Users/BALAJI/Desktop/micropython/micropython/ports/esp32/boards/manifest.py
[12/250] Generating ../../genhdr/moduledefs.split
[13/250] Generating ../../genhdr/moduledefs.collected
Module registrations not updated
[14/249] Generating ../../genhdr/compressed.split
[15/249] Generating ../../genhdr/compressed.collected
Compressed data not updated
[16/50] Building C object esp-idf/main/CMakeFiles/__idf_main.dir/__/machine_timer.c.obj
FAILED: esp-idf/main/CMakeFiles/__idf_main.dir/__/machine_timer.c.obj 
/home/balaji/.espressif/tools/xtensa-esp-elf/esp-13.2.0_20230928/xtensa-esp-elf/bin/xtensa-esp32-elf-gcc -DBERKELEY_DB_CONFIG_FILE=\"/mnt/c/Users/BALAJI/Desktop/micropython/micropython/extmod/berkeley-db/berkeley_db_config_port.h\" -DESP_PLATFORM -DFFCONF_H=\"/mnt/c/Users/BALAJI/Desktop/micropython/micropython/lib/oofatfs/ffconf.h\" -DIDF_VER=\"v5.2.2\" -DLFS1_NO_ASSERT -DLFS1_NO_DEBUG -DLFS1_NO_ERROR -DLFS1_NO_MALLOC -DLFS1_NO_WARN -DLFS2_NO_ASSERT -DLFS2_NO_DEBUG -DLFS2_NO_ERROR -DLFS2_NO_MALLOC -DLFS2_NO_WARN -DMBEDTLS_CONFIG_FILE=\"mbedtls/esp_config.h\" -DMICROPY_BOARD_BUILD_NAME=\"ESP32_GENERIC\" -DMICROPY_MODULE_FROZEN_MPY="(1)" -DMICROPY_PY_BTREE=1 -DMICROPY_QSTR_EXTRA_POOL=mp_qstr_frozen_const_pool -DMICROPY_ROM_TEXT_COMPRESSION="(1)" -DMICROPY_VFS_FAT=1 -DMICROPY_VFS_LFS2=1 -DNDEBUG -DSOC_MMU_PAGE_SIZE=CONFIG_MMU_PAGE_SIZE -DSOC_XTAL_FREQ_MHZ=CONFIG_XTAL_FREQ -D_GLIBCXX_HAVE_POSIX_SEMAPHORE -D_GLIBCXX_USE_POSIX_SEMAPHORE -D_GNU_SOURCE -D_POSIX_READER_WRITER_LOCKS -I/mnt/c/Users/BALAJI/Desktop/micropython/micropython/ports/esp32/build-ESP32_GENERIC/config -I/mnt/c/Users/BALAJI/Desktop/micropython/micropython -I/mnt/c/Users/BALAJI/Desktop/micropython/micropython/lib/berkeley-db-1.xx/include -I/mnt/c/Users/BALAJI/Desktop/micropython/micropython/ports/esp32 -I/mnt/c/Users/BALAJI/Desktop/micropython/micropython/ports/esp32/boards/ESP32_GENERIC -I/mnt/c/Users/BALAJI/Desktop/micropython/micropython/ports/esp32/build-ESP32_GENERIC -I/mnt/c/Users/BALAJI/Desktop/micropython/esp-idf/components/bt/host/nimble/nimble -I/mnt/c/Users/BALAJI/Desktop/micropython/esp-idf/components/driver/rmt -I/mnt/c/Users/BALAJI/Desktop/micropython/esp-idf/components/newlib/platform_include -I/mnt/c/Users/BALAJI/Desktop/micropython/esp-idf/components/freertos/config/include -I/mnt/c/Users/BALAJI/Desktop/micropython/esp-idf/components/freertos/config/include/freertos -I/mnt/c/Users/BALAJI/Desktop/micropython/esp-idf/components/freertos/config/xtensa/include -I/mnt/c/Users/BALAJI/Desktop/micropython/esp-idf/components/freertos/FreeRTOS-Kernel/include -I/mnt/c/Users/BALAJI/Desktop/micropython/esp-idf/components/freertos/FreeRTOS-Kernel/portable/xtensa/include -I/mnt/c/Users/BALAJI/Desktop/micropython/esp-idf/components/freertos/FreeRTOS-Kernel/portable/xtensa/include/freertos -I/mnt/c/Users/BALAJI/Desktop/micropython/esp-idf/components/freertos/esp_additions/include -I/mnt/c/Users/BALAJI/Desktop/micropython/esp-idf/components/esp_hw_support/include -I/mnt/c/Users/BALAJI/Desktop/micropython/esp-idf/components/esp_hw_support/include/soc -I/mnt/c/Users/BALAJI/Desktop/micropython/esp-idf/components/esp_hw_support/include/soc/esp32 -I/mnt/c/Users/BALAJI/Desktop/micropython/esp-idf/components/esp_hw_support/port/esp32/. -I/mnt/c/Users/BALAJI/Desktop/micropython/esp-idf/components/heap/include -I/mnt/c/Users/BALAJI/Desktop/micropython/esp-idf/components/log/include -I/mnt/c/Users/BALAJI/Desktop/micropython/esp-idf/components/soc/include -I/mnt/c/Users/BALAJI/Desktop/micropython/esp-idf/components/soc/esp32 -I/mnt/c/Users/BALAJI/Desktop/micropython/esp-idf/components/soc/esp32/include -I/mnt/c/Users/BALAJI/Desktop/micropython/esp-idf/components/hal/platform_port/include -I/mnt/c/Users/BALAJI/Desktop/micropython/esp-idf/components/hal/esp32/include -I/mnt/c/Users/BALAJI/Desktop/micropython/esp-idf/components/hal/include -I/mnt/c/Users/BALAJI/Desktop/micropython/esp-idf/components/esp_rom/include -I/mnt/c/Users/BALAJI/Desktop/micropython/esp-idf/components/esp_rom/include/esp32 -I/mnt/c/Users/BALAJI/Desktop/micropython/esp-idf/components/esp_rom/esp32 -I/mnt/c/Users/BALAJI/Desktop/micropython/esp-idf/components/esp_common/include -I/mnt/c/Users/BALAJI/Desktop/micropython/esp-idf/components/esp_system/include -I/mnt/c/Users/BALAJI/Desktop/micropython/esp-idf/components/esp_system/port/soc -I/mnt/c/Users/BALAJI/Desktop/micropython/esp-idf/components/esp_system/port/include/private -I/mnt/c/Users/BALAJI/Desktop/micropython/esp-idf/components/xtensa/esp32/include -I/mnt/c/Users/BALAJI/Desktop/micropython/esp-idf/components/xtensa/include -I/mnt/c/Users/BALAJI/Desktop/micropython/esp-idf/components/xtensa/deprecated_include -I/mnt/c/Users/BALAJI/Desktop/micropython/esp-idf/components/lwip/include -I/mnt/c/Users/BALAJI/Desktop/micropython/esp-idf/components/lwip/include/apps -I/mnt/c/Users/BALAJI/Desktop/micropython/esp-idf/components/lwip/include/apps/sntp -I/mnt/c/Users/BALAJI/Desktop/micropython/esp-idf/components/lwip/lwip/src/include -I/mnt/c/Users/BALAJI/Desktop/micropython/esp-idf/components/lwip/port/include -I/mnt/c/Users/BALAJI/Desktop/micropython/esp-idf/components/lwip/port/freertos/include -I/mnt/c/Users/BALAJI/Desktop/micropython/esp-idf/components/lwip/port/esp32xx/include -I/mnt/c/Users/BALAJI/Desktop/micropython/esp-idf/components/lwip/port/esp32xx/include/arch -I/mnt/c/Users/BALAJI/Desktop/micropython/esp-idf/components/lwip/port/esp32xx/include/sys -I/mnt/c/Users/BALAJI/Desktop/micropython/esp-idf/components/app_update/include -I/mnt/c/Users/BALAJI/Desktop/micropython/esp-idf/components/bootloader_support/include -I/mnt/c/Users/BALAJI/Desktop/micropython/esp-idf/components/bootloader_support/bootloader_flash/include -I/mnt/c/Users/BALAJI/Desktop/micropython/esp-idf/components/esp_app_format/include -I/mnt/c/Users/BALAJI/Desktop/micropython/esp-idf/components/esp_bootloader_format/include -I/mnt/c/Users/BALAJI/Desktop/micropython/esp-idf/components/esp_partition/include -I/mnt/c/Users/BALAJI/Desktop/micropython/esp-idf/components/bt/include/esp32/include -I/mnt/c/Users/BALAJI/Desktop/micropython/esp-idf/components/bt/common/osi/include -I/mnt/c/Users/BALAJI/Desktop/micropython/esp-idf/components/bt/common/api/include/api -I/mnt/c/Users/BALAJI/Desktop/micropython/esp-idf/components/bt/common/btc/profile/esp/blufi/include -I/mnt/c/Users/BALAJI/Desktop/micropython/esp-idf/components/bt/common/btc/profile/esp/include -I/mnt/c/Users/BALAJI/Desktop/micropython/esp-idf/components/bt/common/hci_log/include -I/mnt/c/Users/BALAJI/Desktop/micropython/esp-idf/components/bt/host/nimble/nimble/nimble/host/include -I/mnt/c/Users/BALAJI/Desktop/micropython/esp-idf/components/bt/host/nimble/nimble/nimble/include -I/mnt/c/Users/BALAJI/Desktop/micropython/esp-idf/components/bt/host/nimble/nimble/nimble/host/services/ans/include -I/mnt/c/Users/BALAJI/Desktop/micropython/esp-idf/components/bt/host/nimble/nimble/nimble/host/services/bas/include -I/mnt/c/Users/BALAJI/Desktop/micropython/esp-idf/components/bt/host/nimble/nimble/nimble/host/services/dis/include -I/mnt/c/Users/BALAJI/Desktop/micropython/esp-idf/components/bt/host/nimble/nimble/nimble/host/services/gap/include -I/mnt/c/Users/BALAJI/Desktop/micropython/esp-idf/components/bt/host/nimble/nimble/nimble/host/services/gatt/include -I/mnt/c/Users/BALAJI/Desktop/micropython/esp-idf/components/bt/host/nimble/nimble/nimble/host/services/hr/include -I/mnt/c/Users/BALAJI/Desktop/micropython/esp-idf/components/bt/host/nimble/nimble/nimble/host/services/htp/include -I/mnt/c/Users/BALAJI/Desktop/micropython/esp-idf/components/bt/host/nimble/nimble/nimble/host/services/ias/include -I/mnt/c/Users/BALAJI/Desktop/micropython/esp-idf/components/bt/host/nimble/nimble/nimble/host/services/ipss/include -I/mnt/c/Users/BALAJI/Desktop/micropython/esp-idf/components/bt/host/nimble/nimble/nimble/host/services/lls/include -I/mnt/c/Users/BALAJI/Desktop/micropython/esp-idf/components/bt/host/nimble/nimble/nimble/host/services/prox/include -I/mnt/c/Users/BALAJI/Desktop/micropython/esp-idf/components/bt/host/nimble/nimble/nimble/host/services/cts/include -I/mnt/c/Users/BALAJI/Desktop/micropython/esp-idf/components/bt/host/nimble/nimble/nimble/host/services/tps/include -I/mnt/c/Users/BALAJI/Desktop/micropython/esp-idf/components/bt/host/nimble/nimble/nimble/host/services/hid/include -I/mnt/c/Users/BALAJI/Desktop/micropython/esp-idf/components/bt/host/nimble/nimble/nimble/host/services/sps/include -I/mnt/c/Users/BALAJI/Desktop/micropython/esp-idf/components/bt/host/nimble/nimble/nimble/host/util/include -I/mnt/c/Users/BALAJI/Desktop/micropython/esp-idf/components/bt/host/nimble/nimble/nimble/host/store/ram/include -I/mnt/c/Users/BALAJI/Desktop/micropython/esp-idf/components/bt/host/nimble/nimble/nimble/host/store/config/include -I/mnt/c/Users/BALAJI/Desktop/micropython/esp-idf/components/bt/porting/include -I/mnt/c/Users/BALAJI/Desktop/micropython/esp-idf/components/bt/host/nimble/nimble/porting/nimble/include -I/mnt/c/Users/BALAJI/Desktop/micropython/esp-idf/components/bt/host/nimble/port/include -I/mnt/c/Users/BALAJI/Desktop/micropython/esp-idf/components/bt/host/nimble/nimble/nimble/transport/include -I/mnt/c/Users/BALAJI/Desktop/micropython/esp-idf/components/bt/host/nimble/nimble/porting/npl/freertos/include -I/mnt/c/Users/BALAJI/Desktop/micropython/esp-idf/components/bt/host/nimble/esp-hci/include -I/mnt/c/Users/BALAJI/Desktop/micropython/esp-idf/components/esp_timer/include -I/mnt/c/Users/BALAJI/Desktop/micropython/esp-idf/components/esp_wifi/include -I/mnt/c/Users/BALAJI/Desktop/micropython/esp-idf/components/esp_wifi/wifi_apps/include -I/mnt/c/Users/BALAJI/Desktop/micropython/esp-idf/components/esp_event/include -I/mnt/c/Users/BALAJI/Desktop/micropython/esp-idf/components/esp_phy/include -I/mnt/c/Users/BALAJI/Desktop/micropython/esp-idf/components/esp_phy/esp32/include -I/mnt/c/Users/BALAJI/Desktop/micropython/esp-idf/components/esp_netif/include -I/mnt/c/Users/BALAJI/Desktop/micropython/esp-idf/components/driver/include -I/mnt/c/Users/BALAJI/Desktop/micropython/esp-idf/components/driver/deprecated -I/mnt/c/Users/BALAJI/Desktop/micropython/esp-idf/components/driver/analog_comparator/include -I/mnt/c/Users/BALAJI/Desktop/micropython/esp-idf/components/driver/dac/include -I/mnt/c/Users/BALAJI/Desktop/micropython/esp-idf/components/driver/gpio/include -I/mnt/c/Users/BALAJI/Desktop/micropython/esp-idf/components/driver/gptimer/include -I/mnt/c/Users/BALAJI/Desktop/micropython/esp-idf/components/driver/i2c/include -I/mnt/c/Users/BALAJI/Desktop/micropython/esp-idf/components/driver/i2s/include -I/mnt/c/Users/BALAJI/Desktop/micropython/esp-idf/components/driver/ledc/include -I/mnt/c/Users/BALAJI/Desktop/micropython/esp-idf/components/driver/mcpwm/include -I/mnt/c/Users/BALAJI/Desktop/micropython/esp-idf/components/driver/parlio/include -I/mnt/c/Users/BALAJI/Desktop/micropython/esp-idf/components/driver/pcnt/include -I/mnt/c/Users/BALAJI/Desktop/micropython/esp-idf/components/driver/rmt/include -I/mnt/c/Users/BALAJI/Desktop/micropython/esp-idf/components/driver/sdio_slave/include -I/mnt/c/Users/BALAJI/Desktop/micropython/esp-idf/components/driver/sdmmc/include -I/mnt/c/Users/BALAJI/Desktop/micropython/esp-idf/components/driver/sigma_delta/include -I/mnt/c/Users/BALAJI/Desktop/micropython/esp-idf/components/driver/spi/include -I/mnt/c/Users/BALAJI/Desktop/micropython/esp-idf/components/driver/temperature_sensor/include -I/mnt/c/Users/BALAJI/Desktop/micropython/esp-idf/components/driver/touch_sensor/include -I/mnt/c/Users/BALAJI/Desktop/micropython/esp-idf/components/driver/twai/include -I/mnt/c/Users/BALAJI/Desktop/micropython/esp-idf/components/driver/uart/include -I/mnt/c/Users/BALAJI/Desktop/micropython/esp-idf/components/driver/usb_serial_jtag/include -I/mnt/c/Users/BALAJI/Desktop/micropython/esp-idf/components/driver/touch_sensor/esp32/include -I/mnt/c/Users/BALAJI/Desktop/micropython/esp-idf/components/esp_pm/include -I/mnt/c/Users/BALAJI/Desktop/micropython/esp-idf/components/esp_ringbuf/include -I/mnt/c/Users/BALAJI/Desktop/micropython/esp-idf/components/esp_adc/include -I/mnt/c/Users/BALAJI/Desktop/micropython/esp-idf/components/esp_adc/interface -I/mnt/c/Users/BALAJI/Desktop/micropython/esp-idf/components/esp_adc/esp32/include -I/mnt/c/Users/BALAJI/Desktop/micropython/esp-idf/components/esp_adc/deprecated/include -I/mnt/c/Users/BALAJI/Desktop/micropython/esp-idf/components/esp_mm/include -I/mnt/c/Users/BALAJI/Desktop/micropython/esp-idf/components/esp_eth/include -I/mnt/c/Users/BALAJI/Desktop/micropython/esp-idf/components/esp_psram/include -I/mnt/c/Users/BALAJI/Desktop/micropython/esp-idf/components/mbedtls/port/include -I/mnt/c/Users/BALAJI/Desktop/micropython/esp-idf/components/mbedtls/mbedtls/include -I/mnt/c/Users/BALAJI/Desktop/micropython/esp-idf/components/mbedtls/mbedtls/library -I/mnt/c/Users/BALAJI/Desktop/micropython/esp-idf/components/mbedtls/mbedtls/3rdparty/everest/include -I/mnt/c/Users/BALAJI/Desktop/micropython/esp-idf/components/mbedtls/mbedtls/3rdparty/p256-m -I/mnt/c/Users/BALAJI/Desktop/micropython/esp-idf/components/mbedtls/mbedtls/3rdparty/p256-m/p256-m -I/mnt/c/Users/BALAJI/Desktop/micropython/esp-idf/components/nvs_flash/include -I/mnt/c/Users/BALAJI/Desktop/micropython/esp-idf/components/spi_flash/include -I/mnt/c/Users/BALAJI/Desktop/micropython/esp-idf/components/sdmmc/include -I/mnt/c/Users/BALAJI/Desktop/micropython/esp-idf/components/ulp/ulp_common/include -I/mnt/c/Users/BALAJI/Desktop/micropython/esp-idf/components/ulp/ulp_common/include/esp32 -I/mnt/c/Users/BALAJI/Desktop/micropython/esp-idf/components/ulp/ulp_fsm/include -I/mnt/c/Users/BALAJI/Desktop/micropython/esp-idf/components/ulp/ulp_fsm/include/esp32 -I/mnt/c/Users/BALAJI/Desktop/micropython/esp-idf/components/vfs/include -I/mnt/c/Users/BALAJI/Desktop/micropython/micropython/ports/esp32/managed_components/espressif__mdns/include -I/mnt/c/Users/BALAJI/Desktop/micropython/esp-idf/components/console -mlongcalls -Wno-frame-address  -fno-builtin-memcpy -fno-builtin-memset -fno-builtin-bzero -fno-builtin-stpcpy -fno-builtin-strncpy -fdiagnostics-color=always -ffunction-sections -fdata-sections -Wall -Werror=all -Wno-error=unused-function -Wno-error=unused-variable -Wno-error=unused-but-set-variable -Wno-error=deprecated-declarations -Wextra -Wno-unused-parameter -Wno-sign-compare -Wno-enum-conversion -gdwarf-4 -ggdb -O2 -fmacro-prefix-map=/mnt/c/Users/BALAJI/Desktop/micropython/micropython/ports/esp32=. -fmacro-prefix-map=/mnt/c/Users/BALAJI/Desktop/micropython/esp-idf=/IDF -fstrict-volatile-bitfields -fno-jump-tables -fno-tree-switch-conversion -std=gnu17 -Wno-old-style-declaration -Wno-clobbered -Wno-deprecated-declarations -Wno-missing-field-initializers -MD -MT esp-idf/main/CMakeFiles/__idf_main.dir/__/machine_timer.c.obj -MF esp-idf/main/CMakeFiles/__idf_main.dir/__/machine_timer.c.obj.d -o esp-idf/main/CMakeFiles/__idf_main.dir/__/machine_timer.c.obj -c /mnt/c/Users/BALAJI/Desktop/micropython/micropython/ports/esp32/machine_timer.c
/mnt/c/Users/BALAJI/Desktop/micropython/micropython/ports/esp32/machine_timer.c: In function 'machine_timer_enable':
/mnt/c/Users/BALAJI/Desktop/micropython/micropython/ports/esp32/machine_timer.c:186:5: error: implicit declaration of function 'esp_clk_tree_enable_src' [-Werror=implicit-function-declaration]
  186 |     esp_clk_tree_enable_src(TIMER_CLK_SRC, true);
      |     ^~~~~~~~~~~~~~~~~~~~~~~
cc1: some warnings being treated as errors
[17/50] Building C object esp-idf/main/CMakeFiles/__idf_main.dir/__/machine_dac.c.obj
[18/50] Building C object esp-idf/main/CMakeFiles/__idf_main.dir/__/machine_touchpad.c.obj
[19/50] Building C object esp-idf/main/CMakeFiles/__idf_main.dir/__/machine_bitstream.c.obj
[20/50] Building C object esp-idf/main/CMakeFiles/__idf_main.dir/__/machine_pin.c.obj
[21/50] Building C object esp-idf/main/CMakeFiles/__idf_main.dir/__/main.c.obj
ninja: build stopped: subcommand failed.
ninja failed with exit code 1, output of the command is in the /mnt/c/Users/BALAJI/Desktop/micropython/micropython/ports/esp32/build-ESP32_GENERIC/log/idf_py_stderr_output_676 and /mnt/c/Users/BALAJI/Desktop/micropython/micropython/ports/esp32/build-ESP32_GENERIC/log/idf_py_stdout_output_676
